nightly-dev-cu13-20260922-582389ce: Pulling from lmsysorg/sglang
76fd055477b6: Already exists
2ed23d91404d: Already exists
b69841cb303c: Already exists
f96e895ae754: Already exists
4f4fb700ef54: Already exists
4efc2d488f5a: Already exists
730c8029606b: Already exists
1b32cf91a1bf: Already exists
639485f1f45f: Already exists
063065dd5a0b: Already exists
1868124c7d5b: Already exists
9c6b8f5a26d7: Already exists
4f4fb700ef54: Already exists
17071d079121: Already exists
801ff5d640da: Already exists
4f4fb700ef54: Already exists
da62d6af9f12: Pulling fs layer
77f40387e89b: Pulling fs layer
38f40e225528: Pulling fs layer
4f4fb700ef54: Pulling fs layer
47ded29d571f: Pulling fs layer
7cc9de8589cd: Pulling fs layer
5e081bd31ccf: Pulling fs layer
2f9b80a9573e: Pulling fs layer
1f23b78306da: Pulling fs layer
c44dc6493062: Pulling fs layer
18fe3207bd65: Pulling fs layer
f83ebd50fef9: Pulling fs layer
7cc9de8589cd: Waiting
5e081bd31ccf: Waiting
2f9b80a9573e: Waiting
1f23b78306da: Waiting
c44dc6493062: Waiting
18fe3207bd65: Waiting
6d36715283cc: Pulling fs layer
4f4fb700ef54: Waiting
47ded29d571f: Waiting
f83ebd50fef9: Waiting
24f8ee9db6de: Pulling fs layer
6d36715283cc: Waiting
0cfc9c9dbf01: Pulling fs layer
0cfc9c9dbf01: Waiting
41b9241cbfd8: Pulling fs layer
24f8ee9db6de: Waiting
d6db7d455582: Pulling fs layer
f8b8b2af69c6: Pulling fs layer
2d34bdb4655d: Pulling fs layer
37fd41813226: Pulling fs layer
2d34bdb4655d: Waiting
21fe4c73f3dd: Pulling fs layer
b77b906f37ef: Pulling fs layer
21fe4c73f3dd: Waiting
d55b575f295a: Pulling fs layer
41b9241cbfd8: Waiting
b77b906f37ef: Waiting
ae1251cceeed: Pulling fs layer
0f3649d09977: Pulling fs layer
d55b575f295a: Waiting
802d59e23f5b: Pulling fs layer
ae1251cceeed: Waiting
ef162407c0bb: Pulling fs layer
f8b8b2af69c6: Waiting
37fd41813226: Waiting
d6db7d455582: Waiting
0f3649d09977: Waiting
802d59e23f5b: Waiting
774e93e86a26: Pulling fs layer
ef162407c0bb: Waiting
217d9cca74d3: Pulling fs layer
442b42095cf9: Pulling fs layer
3d5c0b7ca34f: Pulling fs layer
5a8c9198bfb2: Pulling fs layer
442b42095cf9: Waiting
3d5c0b7ca34f: Waiting
8ed418a59e29: Pulling fs layer
86942e51a73d: Pulling fs layer
8ed418a59e29: Waiting
8feb5647313d: Pulling fs layer
5a8c9198bfb2: Waiting
86942e51a73d: Waiting
9f56cc2b412b: Pulling fs layer
8feb5647313d: Waiting
9f56cc2b412b: Waiting
659ebeec4c43: Pulling fs layer
2bce108d6315: Pulling fs layer
659ebeec4c43: Waiting
2237d51b5cad: Pulling fs layer
2bce108d6315: Waiting
2237d51b5cad: Waiting
8af0b5c52963: Pulling fs layer
ac73f58e0c81: Pulling fs layer
82e1a69563d7: Pulling fs layer
a1701b0f6863: Pulling fs layer
201d90f5815b: Pulling fs layer
885be68bc63c: Pulling fs layer
8af0b5c52963: Waiting
748873168263: Pulling fs layer
a1701b0f6863: Waiting
947560f6450d: Pulling fs layer
82e1a69563d7: Waiting
ac73f58e0c81: Waiting
a6044fcb7735: Pulling fs layer
201d90f5815b: Waiting
885be68bc63c: Waiting
4a6f890fa94f: Pulling fs layer
947560f6450d: Waiting
2cb6943d0125: Pulling fs layer
4a6f890fa94f: Waiting
748873168263: Waiting
a6044fcb7735: Waiting
1de609389af4: Pulling fs layer
2cb6943d0125: Waiting
1de609389af4: Waiting
77f40387e89b: Verifying Checksum
77f40387e89b: Download complete
4f4fb700ef54: Verifying Checksum
4f4fb700ef54: Download complete
47ded29d571f: Verifying Checksum
47ded29d571f: Download complete
7cc9de8589cd: Verifying Checksum
7cc9de8589cd: Download complete
5e081bd31ccf: Verifying Checksum
5e081bd31ccf: Download complete
2f9b80a9573e: Download complete
da62d6af9f12: Download complete
c44dc6493062: Verifying Checksum
c44dc6493062: Download complete
18fe3207bd65: Verifying Checksum
18fe3207bd65: Download complete
f83ebd50fef9: Download complete
6d36715283cc: Verifying Checksum
6d36715283cc: Download complete
24f8ee9db6de: Verifying Checksum
24f8ee9db6de: Download complete
da62d6af9f12: Pull complete
77f40387e89b: Pull complete
1f23b78306da: Verifying Checksum
1f23b78306da: Download complete
41b9241cbfd8: Verifying Checksum
41b9241cbfd8: Download complete
d6db7d455582: Download complete
f8b8b2af69c6: Verifying Checksum
f8b8b2af69c6: Download complete
2d34bdb4655d: Verifying Checksum
2d34bdb4655d: Download complete
38f40e225528: Verifying Checksum
38f40e225528: Download complete
21fe4c73f3dd: Verifying Checksum
21fe4c73f3dd: Download complete
b77b906f37ef: Verifying Checksum
b77b906f37ef: Download complete
d55b575f295a: Verifying Checksum
d55b575f295a: Download complete
ae1251cceeed: Download complete
0f3649d09977: Verifying Checksum
0f3649d09977: Download complete
802d59e23f5b: Verifying Checksum
802d59e23f5b: Download complete
ef162407c0bb: Verifying Checksum
ef162407c0bb: Download complete
774e93e86a26: Verifying Checksum
774e93e86a26: Download complete
217d9cca74d3: Verifying Checksum
217d9cca74d3: Download complete
442b42095cf9: Verifying Checksum
442b42095cf9: Download complete
3d5c0b7ca34f: Download complete
5a8c9198bfb2: Verifying Checksum
5a8c9198bfb2: Download complete
8ed418a59e29: Verifying Checksum
8ed418a59e29: Download complete
38f40e225528: Pull complete
4f4fb700ef54: Pull complete
47ded29d571f: Pull complete
7cc9de8589cd: Pull complete
5e081bd31ccf: Pull complete
2f9b80a9573e: Pull complete
86942e51a73d: Verifying Checksum
86942e51a73d: Download complete
1f23b78306da: Pull complete
8feb5647313d: Verifying Checksum
8feb5647313d: Download complete
c44dc6493062: Pull complete
18fe3207bd65: Pull complete
f83ebd50fef9: Pull complete
6d36715283cc: Pull complete
24f8ee9db6de: Pull complete
9f56cc2b412b: Verifying Checksum
9f56cc2b412b: Download complete
659ebeec4c43: Verifying Checksum
659ebeec4c43: Download complete
2bce108d6315: Verifying Checksum
2bce108d6315: Download complete
2237d51b5cad: Verifying Checksum
2237d51b5cad: Download complete
8af0b5c52963: Verifying Checksum
8af0b5c52963: Download complete
ac73f58e0c81: Verifying Checksum
ac73f58e0c81: Download complete
82e1a69563d7: Verifying Checksum
82e1a69563d7: Download complete
a1701b0f6863: Verifying Checksum
a1701b0f6863: Download complete
201d90f5815b: Verifying Checksum
201d90f5815b: Download complete
885be68bc63c: Verifying Checksum
885be68bc63c: Download complete
748873168263: Verifying Checksum
748873168263: Download complete
947560f6450d: Verifying Checksum
947560f6450d: Download complete
37fd41813226: Verifying Checksum
37fd41813226: Download complete
4a6f890fa94f: Verifying Checksum
4a6f890fa94f: Download complete
2cb6943d0125: Verifying Checksum
2cb6943d0125: Download complete
1de609389af4: Verifying Checksum
1de609389af4: Download complete
a6044fcb7735: Download complete
0cfc9c9dbf01: Download complete
0cfc9c9dbf01: Pull complete
41b9241cbfd8: Pull complete
d6db7d455582: Pull complete
f8b8b2af69c6: Pull complete
2d34bdb4655d: Pull complete
37fd41813226: Pull complete
21fe4c73f3dd: Pull complete
b77b906f37ef: Pull complete
d55b575f295a: Pull complete
ae1251cceeed: Pull complete
0f3649d09977: Pull complete
802d59e23f5b: Pull complete
ef162407c0bb: Pull complete
774e93e86a26: Pull complete
217d9cca74d3: Pull complete
442b42095cf9: Pull complete
3d5c0b7ca34f: Pull complete
5a8c9198bfb2: Pull complete
8ed418a59e29: Pull complete
86942e51a73d: Pull complete
8feb5647313d: Pull complete
9f56cc2b412b: Pull complete
659ebeec4c43: Pull complete
2bce108d6315: Pull complete
2237d51b5cad: Pull complete
8af0b5c52963: Pull complete
ac73f58e0c81: Pull complete
82e1a69563d7: Pull complete
a1701b0f6863: Pull complete
201d90f5815b: Pull complete
885be68bc63c: Pull complete
748873168263: Pull complete
947560f6450d: Pull complete
a6044fcb7735: Pull complete
4a6f890fa94f: Pull complete
2cb6943d0125: Pull complete
1de609389af4: Pull complete
Digest: sha256:0e1b14e302619a42ef5581b87db6804651d4f946301cf543d74a3a1eb1c33b40
Status: Downloaded newer image for lmsysorg/sglang:nightly-dev-cu13-20260922-582389ce
docker.io/lmsysorg/sglang:nightly-dev-cu13-20260922-582389ce
EXIT=0
