/home/r0b0tdgx/.venvs/modelopt-main/lib/python3.12/site-packages/transformers/modeling_rope_utils.py:1036: FutureWarning: `rope_config_validation` is deprecated and has been removed. Its functionality has been moved to RotaryEmbeddingConfigMixin.validate_rope method. PreTrainedConfig inherits this class, so please call self.validate_rope() instead. Also, make sure to use the new rope_parameters syntax. You can call self.standardize_rope_params() in the meantime.
  warnings.warn(
Loading dataset with config={'path': 'abisee/cnn_dailymail', 'name': '3.0.0'} and splits=['train'] data_files_tmpl=None
Loading dataset with config={'path': 'nvidia/Nemotron-Post-Training-Dataset-v2'} and splits=['stem', 'chat', 'math', 'code'] data_files_tmpl=None
19:10:54 calib rows=16 seq=512 tokens=8192 dataset=cnn_nemotron_v2_mix qkv_layout=tp4_interleaved
19:10:58 layer  0 GA  MLP load=1.0s total=2.0s rms=0.028 K=5.44 V=0.0913
19:11:11 layer  1 SWA MoE load=11.9s total=13.4s rms=0.029 hit=255/256 w13[u_hr=1.04e+03 peer_hr=1.78e+03 max=15.6 | relmse union=3.73e-03 peer_=3.65e-03 max=3.73e-03 unit_=3.47e-03] w2[u_hr=3.33 peer_hr=106 max=3.53 | relmse union=3.21e-03 peer_=3.22e-03 max=3.20e-03 unit_=2.06e-02] K=9.25 V=2.95
/home/r0b0tdgx/.venvs/modelopt-main/lib/python3.12/site-packages/torch/utils/_contextlib.py:124: UserWarning: [nvfp4_act_headroom] per-block amax range 32768.0 leaves no headroom at rho=16384; the scale falls back to the top of the calibrated range. The range also exceeds the FP8 scale range (28672), so no permitted rho can clear it and no single global scale holds both ends. Reduce the range with outlier mitigation (SmoothQuant / per-channel / higher precision).
  return func(*args, **kwargs)
/home/r0b0tdgx/.venvs/modelopt-main/lib/python3.12/site-packages/torch/utils/_contextlib.py:124: UserWarning: [nvfp4_act_headroom] per-block amax range 50535.2 leaves no headroom at rho=16384; the scale falls back to the top of the calibrated range. The range also exceeds the FP8 scale range (28672), so no permitted rho can clear it and no single global scale holds both ends. Reduce the range with outlier mitigation (SmoothQuant / per-channel / higher precision).
  return func(*args, **kwargs)
/home/r0b0tdgx/.venvs/modelopt-main/lib/python3.12/site-packages/torch/utils/_contextlib.py:124: UserWarning: [nvfp4_act_headroom] per-block amax range 21247.4 leaves no headroom at rho=16384; the scale falls back to the top of the calibrated range. Lower anchor_percentile or raise rho for more headroom.
  return func(*args, **kwargs)
/home/r0b0tdgx/.venvs/modelopt-main/lib/python3.12/site-packages/torch/utils/_contextlib.py:124: UserWarning: [nvfp4_act_headroom] per-block amax range 26386.3 leaves no headroom at rho=16384; the scale falls back to the top of the calibrated range. Lower anchor_percentile or raise rho for more headroom.
  return func(*args, **kwargs)
/home/r0b0tdgx/.venvs/modelopt-main/lib/python3.12/site-packages/torch/utils/_contextlib.py:124: UserWarning: [nvfp4_act_headroom] per-block amax range 45348.0 leaves no headroom at rho=16384; the scale falls back to the top of the calibrated range. The range also exceeds the FP8 scale range (28672), so no permitted rho can clear it and no single global scale holds both ends. Reduce the range with outlier mitigation (SmoothQuant / per-channel / higher precision).
  return func(*args, **kwargs)
/home/r0b0tdgx/.venvs/modelopt-main/lib/python3.12/site-packages/torch/utils/_contextlib.py:124: UserWarning: [nvfp4_act_headroom] per-block amax range 17109.4 leaves no headroom at rho=16384; the scale falls back to the top of the calibrated range. Lower anchor_percentile or raise rho for more headroom.
  return func(*args, **kwargs)
/home/r0b0tdgx/.venvs/modelopt-main/lib/python3.12/site-packages/torch/utils/_contextlib.py:124: UserWarning: [nvfp4_act_headroom] per-block amax range 29404.5 leaves no headroom at rho=16384; the scale falls back to the top of the calibrated range. The range also exceeds the FP8 scale range (28672), so no permitted rho can clear it and no single global scale holds both ends. Reduce the range with outlier mitigation (SmoothQuant / per-channel / higher precision).
  return func(*args, **kwargs)
/home/r0b0tdgx/.venvs/modelopt-main/lib/python3.12/site-packages/torch/utils/_contextlib.py:124: UserWarning: [nvfp4_act_headroom] per-block amax range 19066.5 leaves no headroom at rho=16384; the scale falls back to the top of the calibrated range. Lower anchor_percentile or raise rho for more headroom.
  return func(*args, **kwargs)
/home/r0b0tdgx/.venvs/modelopt-main/lib/python3.12/site-packages/torch/utils/_contextlib.py:124: UserWarning: [nvfp4_act_headroom] per-block amax range 36516.2 leaves no headroom at rho=16384; the scale falls back to the top of the calibrated range. The range also exceeds the FP8 scale range (28672), so no permitted rho can clear it and no single global scale holds both ends. Reduce the range with outlier mitigation (SmoothQuant / per-channel / higher precision).
  return func(*args, **kwargs)
19:11:30 layer  2 SWA MoE load=16.2s total=17.5s rms=0.033 hit=256/256 w13[u_hr=1.78e+03 peer_hr=3.06e+03 max=16.4 | relmse union=3.62e-03 peer_=3.59e-03 max=3.79e-03 unit_=3.82e-03] w2[u_hr=1.06 peer_hr=132 max=7.72 | relmse union=5.19e-02 peer_=3.24e-03 max=3.25e-03 unit_=8.34e-03] K=16.9 V=5.91
/home/r0b0tdgx/.venvs/modelopt-main/lib/python3.12/site-packages/torch/utils/_contextlib.py:124: UserWarning: [nvfp4_act_headroom] per-block amax range 120193.6 leaves no headroom at rho=16384; the scale falls back to the top of the calibrated range. The range also exceeds the FP8 scale range (28672), so no permitted rho can clear it and no single global scale holds both ends. Reduce the range with outlier mitigation (SmoothQuant / per-channel / higher precision).
  return func(*args, **kwargs)
/home/r0b0tdgx/.venvs/modelopt-main/lib/python3.12/site-packages/torch/utils/_contextlib.py:124: UserWarning: [nvfp4_act_headroom] per-block amax range 56315.7 leaves no headroom at rho=16384; the scale falls back to the top of the calibrated range. The range also exceeds the FP8 scale range (28672), so no permitted rho can clear it and no single global scale holds both ends. Reduce the range with outlier mitigation (SmoothQuant / per-channel / higher precision).
  return func(*args, **kwargs)
/home/r0b0tdgx/.venvs/modelopt-main/lib/python3.12/site-packages/torch/utils/_contextlib.py:124: UserWarning: [nvfp4_act_headroom] per-block amax range 230195.5 leaves no headroom at rho=16384; the scale falls back to the top of the calibrated range. The range also exceeds the FP8 scale range (28672), so no permitted rho can clear it and no single global scale holds both ends. Reduce the range with outlier mitigation (SmoothQuant / per-channel / higher precision).
  return func(*args, **kwargs)
/home/r0b0tdgx/.venvs/modelopt-main/lib/python3.12/site-packages/torch/utils/_contextlib.py:124: UserWarning: [nvfp4_act_headroom] per-block amax range 395618.4 leaves no headroom at rho=16384; the scale falls back to the top of the calibrated range. The range also exceeds the FP8 scale range (28672), so no permitted rho can clear it and no single global scale holds both ends. Reduce the range with outlier mitigation (SmoothQuant / per-channel / higher precision).
  return func(*args, **kwargs)
/home/r0b0tdgx/.venvs/modelopt-main/lib/python3.12/site-packages/torch/utils/_contextlib.py:124: UserWarning: [nvfp4_act_headroom] per-block amax range 23677.8 leaves no headroom at rho=16384; the scale falls back to the top of the calibrated range. Lower anchor_percentile or raise rho for more headroom.
  return func(*args, **kwargs)
/home/r0b0tdgx/.venvs/modelopt-main/lib/python3.12/site-packages/torch/utils/_contextlib.py:124: UserWarning: [nvfp4_act_headroom] per-block amax range 62757.5 leaves no headroom at rho=16384; the scale falls back to the top of the calibrated range. The range also exceeds the FP8 scale range (28672), so no permitted rho can clear it and no single global scale holds both ends. Reduce the range with outlier mitigation (SmoothQuant / per-channel / higher precision).
  return func(*args, **kwargs)
/home/r0b0tdgx/.venvs/modelopt-main/lib/python3.12/site-packages/torch/utils/_contextlib.py:124: UserWarning: [nvfp4_act_headroom] per-block amax range 256526.8 leaves no headroom at rho=16384; the scale falls back to the top of the calibrated range. The range also exceeds the FP8 scale range (28672), so no permitted rho can clear it and no single global scale holds both ends. Reduce the range with outlier mitigation (SmoothQuant / per-channel / higher precision).
  return func(*args, **kwargs)
/home/r0b0tdgx/.venvs/modelopt-main/lib/python3.12/site-packages/torch/utils/_contextlib.py:124: UserWarning: [nvfp4_act_headroom] per-block amax range 757691.0 leaves no headroom at rho=16384; the scale falls back to the top of the calibrated range. The range also exceeds the FP8 scale range (28672), so no permitted rho can clear it and no single global scale holds both ends. Reduce the range with outlier mitigation (SmoothQuant / per-channel / higher precision).
  return func(*args, **kwargs)
/home/r0b0tdgx/.venvs/modelopt-main/lib/python3.12/site-packages/torch/utils/_contextlib.py:124: UserWarning: [nvfp4_act_headroom] per-block amax range 318569.8 leaves no headroom at rho=16384; the scale falls back to the top of the calibrated range. The range also exceeds the FP8 scale range (28672), so no permitted rho can clear it and no single global scale holds both ends. Reduce the range with outlier mitigation (SmoothQuant / per-channel / higher precision).
  return func(*args, **kwargs)
/home/r0b0tdgx/.venvs/modelopt-main/lib/python3.12/site-packages/torch/utils/_contextlib.py:124: UserWarning: [nvfp4_act_headroom] per-block amax range 940944.4 leaves no headroom at rho=16384; the scale falls back to the top of the calibrated range. The range also exceeds the FP8 scale range (28672), so no permitted rho can clear it and no single global scale holds both ends. Reduce the range with outlier mitigation (SmoothQuant / per-channel / higher precision).
  return func(*args, **kwargs)
/home/r0b0tdgx/.venvs/modelopt-main/lib/python3.12/site-packages/torch/utils/_contextlib.py:124: UserWarning: [nvfp4_act_headroom] per-block amax range 206567.0 leaves no headroom at rho=16384; the scale falls back to the top of the calibrated range. The range also exceeds the FP8 scale range (28672), so no permitted rho can clear it and no single global scale holds both ends. Reduce the range with outlier mitigation (SmoothQuant / per-channel / higher precision).
  return func(*args, **kwargs)
/home/r0b0tdgx/.venvs/modelopt-main/lib/python3.12/site-packages/torch/utils/_contextlib.py:124: UserWarning: [nvfp4_act_headroom] per-block amax range 185363.8 leaves no headroom at rho=16384; the scale falls back to the top of the calibrated range. The range also exceeds the FP8 scale range (28672), so no permitted rho can clear it and no single global scale holds both ends. Reduce the range with outlier mitigation (SmoothQuant / per-channel / higher precision).
  return func(*args, **kwargs)
/home/r0b0tdgx/.venvs/modelopt-main/lib/python3.12/site-packages/torch/utils/_contextlib.py:124: UserWarning: [nvfp4_act_headroom] per-block amax range 86850.7 leaves no headroom at rho=16384; the scale falls back to the top of the calibrated range. The range also exceeds the FP8 scale range (28672), so no permitted rho can clear it and no single global scale holds both ends. Reduce the range with outlier mitigation (SmoothQuant / per-channel / higher precision).
  return func(*args, **kwargs)
/home/r0b0tdgx/.venvs/modelopt-main/lib/python3.12/site-packages/torch/utils/_contextlib.py:124: UserWarning: [nvfp4_act_headroom] per-block amax range 491301.8 leaves no headroom at rho=16384; the scale falls back to the top of the calibrated range. The range also exceeds the FP8 scale range (28672), so no permitted rho can clear it and no single global scale holds both ends. Reduce the range with outlier mitigation (SmoothQuant / per-channel / higher precision).
  return func(*args, **kwargs)
/home/r0b0tdgx/.venvs/modelopt-main/lib/python3.12/site-packages/torch/utils/_contextlib.py:124: UserWarning: [nvfp4_act_headroom] per-block amax range 149263.3 leaves no headroom at rho=16384; the scale falls back to the top of the calibrated range. The range also exceeds the FP8 scale range (28672), so no permitted rho can clear it and no single global scale holds both ends. Reduce the range with outlier mitigation (SmoothQuant / per-channel / higher precision).
  return func(*args, **kwargs)
/home/r0b0tdgx/.venvs/modelopt-main/lib/python3.12/site-packages/torch/utils/_contextlib.py:124: UserWarning: [nvfp4_act_headroom] per-block amax range 285870.1 leaves no headroom at rho=16384; the scale falls back to the top of the calibrated range. The range also exceeds the FP8 scale range (28672), so no permitted rho can clear it and no single global scale holds both ends. Reduce the range with outlier mitigation (SmoothQuant / per-channel / higher precision).
  return func(*args, **kwargs)
/home/r0b0tdgx/.venvs/modelopt-main/lib/python3.12/site-packages/torch/utils/_contextlib.py:124: UserWarning: [nvfp4_act_headroom] per-block amax range 547500.2 leaves no headroom at rho=16384; the scale falls back to the top of the calibrated range. The range also exceeds the FP8 scale range (28672), so no permitted rho can clear it and no single global scale holds both ends. Reduce the range with outlier mitigation (SmoothQuant / per-channel / higher precision).
  return func(*args, **kwargs)
/home/r0b0tdgx/.venvs/modelopt-main/lib/python3.12/site-packages/torch/utils/_contextlib.py:124: UserWarning: [nvfp4_act_headroom] per-block amax range 107856.2 leaves no headroom at rho=16384; the scale falls back to the top of the calibrated range. The range also exceeds the FP8 scale range (28672), so no permitted rho can clear it and no single global scale holds both ends. Reduce the range with outlier mitigation (SmoothQuant / per-channel / higher precision).
  return func(*args, **kwargs)
/home/r0b0tdgx/.venvs/modelopt-main/lib/python3.12/site-packages/torch/utils/_contextlib.py:124: UserWarning: [nvfp4_act_headroom] per-block amax range 77935.9 leaves no headroom at rho=16384; the scale falls back to the top of the calibrated range. The range also exceeds the FP8 scale range (28672), so no permitted rho can clear it and no single global scale holds both ends. Reduce the range with outlier mitigation (SmoothQuant / per-channel / higher precision).
  return func(*args, **kwargs)
/home/r0b0tdgx/.venvs/modelopt-main/lib/python3.12/site-packages/torch/utils/_contextlib.py:124: UserWarning: [nvfp4_act_headroom] per-block amax range 355010.0 leaves no headroom at rho=16384; the scale falls back to the top of the calibrated range. The range also exceeds the FP8 scale range (28672), so no permitted rho can clear it and no single global scale holds both ends. Reduce the range with outlier mitigation (SmoothQuant / per-channel / higher precision).
  return func(*args, **kwargs)
/home/r0b0tdgx/.venvs/modelopt-main/lib/python3.12/site-packages/torch/utils/_contextlib.py:124: UserWarning: [nvfp4_act_headroom] per-block amax range 69936.1 leaves no headroom at rho=16384; the scale falls back to the top of the calibrated range. The range also exceeds the FP8 scale range (28672), so no permitted rho can clear it and no single global scale holds both ends. Reduce the range with outlier mitigation (SmoothQuant / per-channel / higher precision).
  return func(*args, **kwargs)
/home/r0b0tdgx/.venvs/modelopt-main/lib/python3.12/site-packages/torch/utils/_contextlib.py:124: UserWarning: [nvfp4_act_headroom] per-block amax range 166337.0 leaves no headroom at rho=16384; the scale falls back to the top of the calibrated range. The range also exceeds the FP8 scale range (28672), so no permitted rho can clear it and no single global scale holds both ends. Reduce the range with outlier mitigation (SmoothQuant / per-channel / higher precision).
  return func(*args, **kwargs)
/home/r0b0tdgx/.venvs/modelopt-main/lib/python3.12/site-packages/torch/utils/_contextlib.py:124: UserWarning: [nvfp4_act_headroom] per-block amax range 844360.8 leaves no headroom at rho=16384; the scale falls back to the top of the calibrated range. The range also exceeds the FP8 scale range (28672), so no permitted rho can clear it and no single global scale holds both ends. Reduce the range with outlier mitigation (SmoothQuant / per-channel / higher precision).
  return func(*args, **kwargs)
/home/r0b0tdgx/.venvs/modelopt-main/lib/python3.12/site-packages/torch/utils/_contextlib.py:124: UserWarning: [nvfp4_act_headroom] per-block amax range 1048576.0 leaves no headroom at rho=16384; the scale falls back to the top of the calibrated range. The range also exceeds the FP8 scale range (28672), so no permitted rho can clear it and no single global scale holds both ends. Reduce the range with outlier mitigation (SmoothQuant / per-channel / higher precision).
  return func(*args, **kwargs)
/home/r0b0tdgx/.venvs/modelopt-main/lib/python3.12/site-packages/torch/utils/_contextlib.py:124: UserWarning: [nvfp4_act_headroom] per-block amax range 440871.9 leaves no headroom at rho=16384; the scale falls back to the top of the calibrated range. The range also exceeds the FP8 scale range (28672), so no permitted rho can clear it and no single global scale holds both ends. Reduce the range with outlier mitigation (SmoothQuant / per-channel / higher precision).
  return func(*args, **kwargs)
/home/r0b0tdgx/.venvs/modelopt-main/lib/python3.12/site-packages/torch/utils/_contextlib.py:124: UserWarning: [nvfp4_act_headroom] per-block amax range 679917.4 leaves no headroom at rho=16384; the scale falls back to the top of the calibrated range. The range also exceeds the FP8 scale range (28672), so no permitted rho can clear it and no single global scale holds both ends. Reduce the range with outlier mitigation (SmoothQuant / per-channel / higher precision).
  return func(*args, **kwargs)
/home/r0b0tdgx/.venvs/modelopt-main/lib/python3.12/site-packages/torch/utils/_contextlib.py:124: UserWarning: [nvfp4_act_headroom] per-block amax range 40693.2 leaves no headroom at rho=16384; the scale falls back to the top of the calibrated range. The range also exceeds the FP8 scale range (28672), so no permitted rho can clear it and no single global scale holds both ends. Reduce the range with outlier mitigation (SmoothQuant / per-channel / higher precision).
  return func(*args, **kwargs)
/home/r0b0tdgx/.venvs/modelopt-main/lib/python3.12/site-packages/torch/utils/_contextlib.py:124: UserWarning: [nvfp4_act_headroom] per-block amax range 96785.3 leaves no headroom at rho=16384; the scale falls back to the top of the calibrated range. The range also exceeds the FP8 scale range (28672), so no permitted rho can clear it and no single global scale holds both ends. Reduce the range with outlier mitigation (SmoothQuant / per-channel / higher precision).
  return func(*args, **kwargs)
/home/r0b0tdgx/.venvs/modelopt-main/lib/python3.12/site-packages/torch/utils/_contextlib.py:124: UserWarning: [nvfp4_act_headroom] per-block amax range 133942.1 leaves no headroom at rho=16384; the scale falls back to the top of the calibrated range. The range also exceeds the FP8 scale range (28672), so no permitted rho can clear it and no single global scale holds both ends. Reduce the range with outlier mitigation (SmoothQuant / per-channel / higher precision).
  return func(*args, **kwargs)
/home/r0b0tdgx/.venvs/modelopt-main/lib/python3.12/site-packages/torch/utils/_contextlib.py:124: UserWarning: [nvfp4_act_headroom] per-block amax range 610127.0 leaves no headroom at rho=16384; the scale falls back to the top of the calibrated range. The range also exceeds the FP8 scale range (28672), so no permitted rho can clear it and no single global scale holds both ends. Reduce the range with outlier mitigation (SmoothQuant / per-channel / higher precision).
  return func(*args, **kwargs)
19:11:41 layer  3 SWA MoE load=9.0s total=10.4s rms=0.037 hit=256/256 w13[u_hr=3.06e+03 peer_hr=3.8e+03 max=69.5 | relmse union=2.25e-03 peer_=2.13e-03 max=2.17e-03 unit_=2.28e-03] w2[u_hr=1.06 peer_hr=23.4 max=10 | relmse union=1.02e-01 peer_=9.61e-04 max=9.68e-04 unit_=3.89e-03] K=18.5 V=3.94
19:11:52 layer  4 SWA MoE load=8.3s total=9.6s rms=0.043 hit=256/256 w13[u_hr=2.21e+03 peer_hr=2.74e+03 max=116 | relmse union=2.34e-03 peer_=2.25e-03 max=2.32e-03 unit_=2.29e-03] w2[u_hr=870 peer_hr=3.31e+04 max=1.04e+03 | relmse union=2.90e-03 peer_=1.03e-03 max=1.03e-03 unit_=1.02e-03] K=17.5 V=5.53
19:12:03 layer  5 GA  MoE load=8.2s total=9.5s rms=0.044 hit=254/256 w13[u_hr=2.21e+03 peer_hr=2.74e+03 max=137 | relmse union=3.03e-03 peer_=2.98e-03 max=3.04e-03 unit_=2.99e-03] w2[u_hr=33.8 peer_hr=7.27e+03 max=450 | relmse union=6.29e-01 peer_=1.35e-03 max=1.34e-03 unit_=1.25e-03] K=8.19 V=0.16
19:12:14 layer  6 SWA MoE load=8.8s total=10.2s rms=0.045 hit=256/256 w13[u_hr=1.04e+03 peer_hr=1.29e+03 max=193 | relmse union=2.20e-03 peer_=2.23e-03 max=2.16e-03 unit_=2.24e-03] w2[u_hr=191 peer_hr=3.31e+04 max=624 | relmse union=2.46e-02 peer_=4.58e-03 max=4.54e-03 unit_=4.55e-03] K=14.8 V=4.88
19:12:27 layer  7 SWA MoE load=10.4s total=11.8s rms=0.048 hit=252/256 w13[u_hr=5.25e+03 peer_hr=6.53e+03 max=81.5 | relmse union=4.57e-03 peer_=4.51e-03 max=4.58e-03 unit_=4.57e-03] w2[u_hr=58.1 peer_hr=3.41e+03 max=412 | relmse union=1.15e-01 peer_=1.82e-03 max=1.82e-03 unit_=1.78e-03] K=16.6 V=6.72
19:12:39 layer  8 SWA MoE load=9.2s total=10.6s rms=0.055 hit=254/256 w13[u_hr=5.86e+03 peer_hr=8.1e+03 max=91.5 | relmse union=2.75e-03 peer_=2.81e-03 max=2.75e-03 unit_=2.69e-03] w2[u_hr=24.4 peer_hr=3.41e+03 max=202 | relmse union=9.22e-02 peer_=4.41e-03 max=4.32e-03 unit_=4.37e-03] K=15.4 V=3.41
19:12:50 layer  9 SWA MoE load=8.8s total=10.2s rms=0.071 hit=256/256 w13[u_hr=4.72e+03 peer_hr=8.1e+03 max=37.2 | relmse union=5.40e-03 peer_=5.32e-03 max=5.42e-03 unit_=5.48e-03] w2[u_hr=69 peer_hr=1.29e+03 max=35.5 | relmse union=7.16e-03 peer_=7.17e-03 max=7.17e-03 unit_=7.21e-03] K=15.6 V=2.48
19:13:02 layer 10 SWA MoE load=9.4s total=11.0s rms=0.101 hit=256/256 w13[u_hr=3.06e+03 peer_hr=5.86e+03 max=10.9 | relmse union=8.47e-03 peer_=8.46e-03 max=8.46e-03 unit_=8.47e-03] w2[u_hr=132 peer_hr=929 max=43.8 | relmse union=6.53e-03 peer_=6.59e-03 max=6.53e-03 unit_=6.64e-03] K=17.4 V=3.62
19:13:17 layer 11 GA  MoE load=11.4s total=12.8s rms=0.103 hit=256/256 w13[u_hr=3.06e+03 peer_hr=5.86e+03 max=8.44 | relmse union=8.91e-03 peer_=8.90e-03 max=8.91e-03 unit_=8.91e-03] w2[u_hr=253 peer_hr=834 max=34 | relmse union=6.73e-03 peer_=6.74e-03 max=6.71e-03 unit_=6.82e-03] K=11 V=1.01
19:13:30 layer 12 SWA MoE load=10.8s total=12.2s rms=0.119 hit=256/256 w13[u_hr=3.41e+03 peer_hr=5.86e+03 max=8.69 | relmse union=8.97e-03 peer_=8.96e-03 max=8.98e-03 unit_=8.98e-03] w2[u_hr=314 peer_hr=1.04e+03 max=25.4 | relmse union=7.62e-03 peer_=7.61e-03 max=7.61e-03 unit_=7.70e-03] K=19 V=3.03
19:13:43 layer 13 SWA MoE load=10.0s total=11.4s rms=0.136 hit=256/256 w13[u_hr=3.8e+03 peer_hr=6.53e+03 max=8.94 | relmse union=9.00e-03 peer_=9.00e-03 max=9.00e-03 unit_=9.01e-03] w2[u_hr=350 peer_hr=1.29e+03 max=28.8 | relmse union=7.60e-03 peer_=7.60e-03 max=7.60e-03 unit_=7.69e-03] K=15.8 V=2.39
19:13:59 layer 14 SWA MoE load=12.7s total=14.5s rms=0.154 hit=256/256 w13[u_hr=3.8e+03 peer_hr=5.86e+03 max=9.56 | relmse union=9.02e-03 peer_=9.01e-03 max=9.03e-03 unit_=9.03e-03] w2[u_hr=391 peer_hr=1.15e+03 max=28.2 | relmse union=7.65e-03 peer_=7.65e-03 max=7.65e-03 unit_=7.72e-03] K=17.8 V=2.12
19:14:17 layer 15 SWA MoE load=14.9s total=16.7s rms=0.166 hit=256/256 w13[u_hr=4.23e+03 peer_hr=5.86e+03 max=11.4 | relmse union=9.02e-03 peer_=9.02e-03 max=9.03e-03 unit_=9.03e-03] w2[u_hr=485 peer_hr=1.04e+03 max=20.5 | relmse union=7.89e-03 peer_=7.88e-03 max=7.89e-03 unit_=7.94e-03] K=17.1 V=1.9
19:14:35 layer 16 SWA MoE load=15.0s total=16.3s rms=1.787 hit=256/256 w13[u_hr=4.23e+03 peer_hr=5.86e+03 max=20.6 | relmse union=9.01e-03 peer_=9.00e-03 max=9.01e-03 unit_=9.02e-03] w2[u_hr=540 peer_hr=1.04e+03 max=226 | relmse union=2.16e-03 peer_=2.07e-03 max=2.13e-03 unit_=2.15e-03] K=18 V=2.06
19:14:48 layer 17 GA  MoE load=9.5s total=10.9s rms=1.790 hit=256/256 w13[u_hr=4.72e+03 peer_hr=6.53e+03 max=20 | relmse union=8.94e-03 peer_=8.94e-03 max=8.93e-03 unit_=8.95e-03] w2[u_hr=671 peer_hr=1.43e+03 max=25.5 | relmse union=7.90e-03 peer_=7.87e-03 max=7.88e-03 unit_=7.90e-03] K=11.2 V=1.49
19:15:00 layer 18 SWA MoE load=9.1s total=10.6s rms=1.791 hit=256/256 w13[u_hr=4.72e+03 peer_hr=6.53e+03 max=20.1 | relmse union=8.94e-03 peer_=8.95e-03 max=8.94e-03 unit_=8.95e-03] w2[u_hr=748 peer_hr=1.43e+03 max=24 | relmse union=7.92e-03 peer_=7.92e-03 max=7.92e-03 unit_=7.94e-03] K=17.9 V=2.73
19:15:14 layer 19 SWA MoE load=10.8s total=12.6s rms=1.793 hit=256/256 w13[u_hr=5.25e+03 peer_hr=7.27e+03 max=15.2 | relmse union=8.97e-03 peer_=8.97e-03 max=8.96e-03 unit_=8.98e-03] w2[u_hr=929 peer_hr=1.43e+03 max=31.5 | relmse union=7.99e-03 peer_=7.98e-03 max=7.99e-03 unit_=8.00e-03] K=16.5 V=2.8
19:15:36 layer 20 SWA MoE load=18.8s total=20.2s rms=1.794 hit=256/256 w13[u_hr=5.86e+03 peer_hr=7.27e+03 max=20.9 | relmse union=8.93e-03 peer_=8.94e-03 max=8.94e-03 unit_=8.94e-03] w2[u_hr=1.04e+03 peer_hr=1.78e+03 max=21.6 | relmse union=8.01e-03 peer_=8.02e-03 max=8.02e-03 unit_=8.04e-03] K=17.1 V=2.58
19:15:48 layer 21 SWA MoE load=9.2s total=10.6s rms=1.794 hit=256/256 w13[u_hr=6.53e+03 peer_hr=8.1e+03 max=20.2 | relmse union=8.95e-03 peer_=8.94e-03 max=8.94e-03 unit_=8.95e-03] w2[u_hr=1.29e+03 peer_hr=1.78e+03 max=33 | relmse union=8.01e-03 peer_=8.01e-03 max=8.01e-03 unit_=8.01e-03] K=19.8 V=3.19
19:16:07 layer 22 SWA MoE load=15.2s total=17.0s rms=1.809 hit=256/256 w13[u_hr=6.53e+03 peer_hr=1.01e+04 max=21.1 | relmse union=8.92e-03 peer_=8.91e-03 max=8.91e-03 unit_=8.92e-03] w2[u_hr=1.6e+03 peer_hr=2.21e+03 max=52.8 | relmse union=7.84e-03 peer_=7.85e-03 max=7.81e-03 unit_=7.85e-03] K=19.5 V=3
19:16:31 layer 23 GA  MoE load=20.0s total=21.7s rms=1.810 hit=255/256 w13[u_hr=8.1e+03 peer_hr=1.01e+04 max=21.1 | relmse union=8.90e-03 peer_=8.90e-03 max=8.90e-03 unit_=8.91e-03] w2[u_hr=1.98e+03 peer_hr=2.74e+03 max=57.2 | relmse union=7.98e-03 peer_=7.98e-03 max=7.97e-03 unit_=7.99e-03] K=13.8 V=3.69
19:16:54 layer 24 SWA MoE load=20.3s total=22.0s rms=1.814 hit=256/256 w13[u_hr=8.1e+03 peer_hr=1.39e+04 max=22 | relmse union=8.92e-03 peer_=8.92e-03 max=8.92e-03 unit_=8.93e-03] w2[u_hr=2.21e+03 peer_hr=4.23e+03 max=47.5 | relmse union=8.01e-03 peer_=8.02e-03 max=8.02e-03 unit_=8.02e-03] K=17.5 V=3.3
19:17:10 layer 25 SWA MoE load=12.7s total=14.1s rms=1.817 hit=256/256 w13[u_hr=9.03e+03 peer_hr=1.12e+04 max=20.9 | relmse union=8.92e-03 peer_=8.92e-03 max=8.92e-03 unit_=8.92e-03] w2[u_hr=2.46e+03 peer_hr=3.41e+03 max=27.1 | relmse union=8.08e-03 peer_=8.07e-03 max=8.07e-03 unit_=8.08e-03] K=19.6 V=3.31
19:17:23 layer 26 SWA MoE load=10.1s total=11.4s rms=1.823 hit=256/256 w13[u_hr=9.03e+03 peer_hr=1.12e+04 max=21 | relmse union=8.92e-03 peer_=8.92e-03 max=8.92e-03 unit_=8.92e-03] w2[u_hr=2.74e+03 peer_hr=3.41e+03 max=27.4 | relmse union=8.07e-03 peer_=8.07e-03 max=8.08e-03 unit_=8.08e-03] K=19.8 V=3.75
19:17:35 layer 27 SWA MoE load=8.5s total=9.8s rms=1.827 hit=256/256 w13[u_hr=1.01e+04 peer_hr=1.12e+04 max=21.5 | relmse union=8.91e-03 peer_=8.92e-03 max=8.90e-03 unit_=8.92e-03] w2[u_hr=2.74e+03 peer_hr=3.8e+03 max=41.8 | relmse union=8.07e-03 peer_=8.06e-03 max=8.06e-03 unit_=8.07e-03] K=17.6 V=4.5
19:17:47 layer 28 SWA MoE load=8.6s total=10.0s rms=1.841 hit=255/256 w13[u_hr=9.03e+03 peer_hr=1.12e+04 max=21.1 | relmse union=8.89e-03 peer_=8.90e-03 max=8.89e-03 unit_=8.89e-03] w2[u_hr=2.74e+03 peer_hr=4.23e+03 max=28.5 | relmse union=8.12e-03 peer_=8.11e-03 max=8.11e-03 unit_=8.13e-03] K=16.4 V=3.94
19:18:07 layer 29 GA  MoE load=16.7s total=18.7s rms=1.843 hit=256/256 w13[u_hr=1.01e+04 peer_hr=1.12e+04 max=23.9 | relmse union=8.91e-03 peer_=8.91e-03 max=8.91e-03 unit_=8.91e-03] w2[u_hr=3.06e+03 peer_hr=4.23e+03 max=37 | relmse union=8.02e-03 peer_=8.02e-03 max=8.01e-03 unit_=8.02e-03] K=15.4 V=8.25
19:18:39 layer 30 SWA MoE load=27.5s total=29.4s rms=1.847 hit=255/256 w13[u_hr=1.12e+04 peer_hr=1.39e+04 max=24.8 | relmse union=8.92e-03 peer_=8.90e-03 max=8.90e-03 unit_=8.92e-03] w2[u_hr=3.41e+03 peer_hr=4.72e+03 max=56.2 | relmse union=8.02e-03 peer_=8.03e-03 max=8.03e-03 unit_=8.03e-03] K=20 V=5.09
19:19:08 layer 31 SWA MoE load=22.4s total=24.5s rms=1.860 hit=256/256 w13[u_hr=1.12e+04 peer_hr=1.39e+04 max=24.4 | relmse union=8.92e-03 peer_=8.90e-03 max=8.90e-03 unit_=8.92e-03] w2[u_hr=3.8e+03 peer_hr=5.25e+03 max=67 | relmse union=7.87e-03 peer_=7.87e-03 max=7.86e-03 unit_=7.88e-03] K=18.9 V=4.88
19:19:29 layer 32 SWA MoE load=15.8s total=17.6s rms=1.873 hit=256/256 w13[u_hr=1.25e+04 peer_hr=1.55e+04 max=25.9 | relmse union=8.90e-03 peer_=8.91e-03 max=8.90e-03 unit_=8.92e-03] w2[u_hr=3.8e+03 peer_hr=5.25e+03 max=51.2 | relmse union=7.93e-03 peer_=7.93e-03 max=7.92e-03 unit_=7.93e-03] K=20.2 V=5.09
19:19:42 layer 33 SWA MoE load=9.1s total=10.9s rms=1.889 hit=256/256 w13[u_hr=1.25e+04 peer_hr=1.39e+04 max=27 | relmse union=8.91e-03 peer_=8.91e-03 max=8.91e-03 unit_=8.93e-03] w2[u_hr=3.8e+03 peer_hr=6.53e+03 max=89 | relmse union=7.93e-03 peer_=7.93e-03 max=7.93e-03 unit_=7.94e-03] K=18.2 V=6.22
19:19:53 layer 34 SWA MoE load=7.5s total=8.9s rms=1.935 hit=255/256 w13[u_hr=1.25e+04 peer_hr=1.39e+04 max=25.5 | relmse union=8.90e-03 peer_=8.90e-03 max=8.90e-03 unit_=8.92e-03] w2[u_hr=4.23e+03 peer_hr=5.86e+03 max=71.5 | relmse union=7.91e-03 peer_=7.91e-03 max=7.91e-03 unit_=7.92e-03] K=17.4 V=5.41
19:20:04 layer 35 GA  MoE load=7.6s total=8.9s rms=1.953 hit=255/256 w13[u_hr=1.39e+04 peer_hr=1.55e+04 max=29.1 | relmse union=8.88e-03 peer_=8.87e-03 max=8.88e-03 unit_=8.90e-03] w2[u_hr=4.72e+03 peer_hr=9.03e+03 max=114 | relmse union=7.74e-03 peer_=7.74e-03 max=7.74e-03 unit_=7.75e-03] K=16.2 V=6.16
19:20:17 layer 36 SWA MoE load=10.1s total=11.4s rms=2.001 hit=256/256 w13[u_hr=1.55e+04 peer_hr=1.73e+04 max=31.9 | relmse union=8.89e-03 peer_=8.89e-03 max=8.88e-03 unit_=8.91e-03] w2[u_hr=4.72e+03 peer_hr=8.1e+03 max=187 | relmse union=7.67e-03 peer_=7.67e-03 max=7.67e-03 unit_=7.67e-03] K=20.5 V=7.69
19:20:31 layer 37 SWA MoE load=10.4s total=11.8s rms=2.050 hit=255/256 w13[u_hr=1.55e+04 peer_hr=1.93e+04 max=35 | relmse union=8.89e-03 peer_=8.90e-03 max=8.91e-03 unit_=8.90e-03] w2[u_hr=5.25e+03 peer_hr=1.01e+04 max=126 | relmse union=7.54e-03 peer_=7.55e-03 max=7.54e-03 unit_=7.55e-03] K=23 V=7.47
19:20:49 layer 38 SWA MoE load=14.1s total=15.7s rms=2.145 hit=254/256 w13[u_hr=1.73e+04 peer_hr=2.15e+04 max=36.8 | relmse union=8.88e-03 peer_=8.90e-03 max=8.88e-03 unit_=8.89e-03] w2[u_hr=5.86e+03 peer_hr=1.12e+04 max=146 | relmse union=7.32e-03 peer_=7.33e-03 max=7.32e-03 unit_=7.33e-03] K=18.9 V=7.19
19:21:03 layer 39 SWA MoE load=10.6s total=12.2s rms=2.260 hit=255/256 w13[u_hr=1.93e+04 peer_hr=2.39e+04 max=37.2 | relmse union=8.89e-03 peer_=8.88e-03 max=8.89e-03 unit_=8.89e-03] w2[u_hr=5.86e+03 peer_hr=1.25e+04 max=192 | relmse union=7.27e-03 peer_=7.27e-03 max=7.27e-03 unit_=7.29e-03] K=22.2 V=8.5
19:21:21 layer 40 SWA MoE load=14.4s total=16.0s rms=2.500 hit=253/256 w13[u_hr=1.93e+04 peer_hr=2.67e+04 max=41.8 | relmse union=8.87e-03 peer_=8.87e-03 max=8.86e-03 unit_=8.87e-03] w2[u_hr=5.86e+03 peer_hr=1.25e+04 max=168 | relmse union=7.19e-03 peer_=7.18e-03 max=7.20e-03 unit_=7.20e-03] K=19.4 V=8
19:21:37 layer 41 GA  MoE load=11.3s total=12.8s rms=1.890 hit=253/256 w13[u_hr=2.15e+04 peer_hr=2.67e+04 max=42.2 | relmse union=8.89e-03 peer_=8.87e-03 max=8.88e-03 unit_=8.88e-03] w2[u_hr=6.53e+03 peer_hr=1.93e+04 max=290 | relmse union=6.76e-03 peer_=6.76e-03 max=6.75e-03 unit_=6.77e-03] K=16 V=12.6
19:21:58 layer 42 SWA MoE load=17.4s total=19.0s rms=2.100 hit=254/256 w13[u_hr=2.39e+04 peer_hr=2.97e+04 max=47 | relmse union=8.93e-03 peer_=8.93e-03 max=8.92e-03 unit_=8.94e-03] w2[u_hr=5.25e+03 peer_hr=1.25e+04 max=548 | relmse union=6.43e-03 peer_=6.42e-03 max=6.43e-03 unit_=6.44e-03] K=28.1 V=13.2
19:22:09 layer 43 SWA MoE load=7.4s total=8.7s rms=2.360 hit=255/256 w13[u_hr=2.67e+04 peer_hr=3.31e+04 max=43.8 | relmse union=8.93e-03 peer_=8.91e-03 max=8.93e-03 unit_=8.95e-03] w2[u_hr=4.72e+03 peer_hr=1.55e+04 max=362 | relmse union=5.93e-03 peer_=5.93e-03 max=5.95e-03 unit_=5.94e-03] K=32 V=24.8
19:22:28 layer 44 SWA MoE load=15.8s total=17.5s rms=2.656 hit=255/256 w13[u_hr=2.97e+04 peer_hr=3.31e+04 max=43.8 | relmse union=8.93e-03 peer_=8.91e-03 max=8.93e-03 unit_=8.94e-03] w2[u_hr=4.23e+03 peer_hr=1.25e+04 max=506 | relmse union=5.52e-03 peer_=5.51e-03 max=5.52e-03 unit_=5.52e-03] K=30.5 V=11.7
19:22:41 layer 45 SWA MoE load=9.1s total=10.6s rms=3.009 hit=253/256 w13[u_hr=2.97e+04 peer_hr=3.69e+04 max=40.2 | relmse union=8.93e-03 peer_=8.93e-03 max=8.93e-03 unit_=8.94e-03] w2[u_hr=4.23e+03 peer_hr=2.39e+04 max=362 | relmse union=5.90e-03 peer_=5.91e-03 max=5.91e-03 unit_=5.91e-03] K=20 V=17.2
19:23:01 layer 46 SWA MoE load=15.7s total=17.5s rms=3.964 hit=249/256 w13[u_hr=2.97e+04 peer_hr=3.69e+04 max=37.8 | relmse union=8.94e-03 peer_=8.93e-03 max=8.94e-03 unit_=8.95e-03] w2[u_hr=5.86e+03 peer_hr=2.97e+04 max=2.3e+03 | relmse union=5.51e-03 peer_=5.56e-03 max=5.54e-03 unit_=5.54e-03] K=20.5 V=12.8
19:23:17 layer 47 GA  MoE load=11.8s total=13.3s rms=9.937 hit=234/256 w13[u_hr=2.67e+04 peer_hr=3.31e+04 max=58 | relmse union=8.89e-03 peer_=8.88e-03 max=8.89e-03 unit_=8.91e-03] w2[u_hr=1.73e+04 peer_hr=1.22e+05 max=4.04e+04 | relmse union=8.55e-03 peer_=8.28e-03 max=8.28e-03 unit_=3.07e-01] K=15.7 V=31.6
19:23:20 end-to-end next-token NLL=1.4805 ppl=4.395 over 8176 tokens
19:23:22 done wall=761.2s amax entries=36012
EXIT=0
