/home/r0b0tdgx/.venvs/modelopt-main/lib/python3.12/site-packages/transformers/modeling_rope_utils.py:1036: FutureWarning: `rope_config_validation` is deprecated and has been removed. Its functionality has been moved to RotaryEmbeddingConfigMixin.validate_rope method. PreTrainedConfig inherits this class, so please call self.validate_rope() instead. Also, make sure to use the new rope_parameters syntax. You can call self.standardize_rope_params() in the meantime.
  warnings.warn(
Loading dataset with config={'path': 'abisee/cnn_dailymail', 'name': '3.0.0'} and splits=['train'] data_files_tmpl=None
Loading dataset with config={'path': 'nvidia/Nemotron-Post-Training-Dataset-v2'} and splits=['stem', 'chat', 'math', 'code'] data_files_tmpl=None
19:06:22 calib rows=16 seq=512 tokens=8192 dataset=cnn_nemotron_v2_mix qkv_layout=tp4_interleaved
19:06:27 layer  0 GA  MLP load=1.2s total=2.5s rms=0.028 K=5.44 V=0.0913
19:06:58 layer  1 SWA MoE load=29.5s total=30.6s rms=0.029 hit=255/256 w13[u_hr=1.04e+03 u_max=15.6 peer_hr=1.78e+03] w2[u_hr=3.33 u_max=3.53 peer_hr=106] K=9.25 V=2.95
/home/r0b0tdgx/.venvs/modelopt-main/lib/python3.12/site-packages/torch/utils/_contextlib.py:124: UserWarning: [nvfp4_act_headroom] per-block amax range 32768.0 leaves no headroom at rho=16384; the scale falls back to the top of the calibrated range. The range also exceeds the FP8 scale range (28672), so no permitted rho can clear it and no single global scale holds both ends. Reduce the range with outlier mitigation (SmoothQuant / per-channel / higher precision).
  return func(*args, **kwargs)
/home/r0b0tdgx/.venvs/modelopt-main/lib/python3.12/site-packages/torch/utils/_contextlib.py:124: UserWarning: [nvfp4_act_headroom] per-block amax range 50535.2 leaves no headroom at rho=16384; the scale falls back to the top of the calibrated range. The range also exceeds the FP8 scale range (28672), so no permitted rho can clear it and no single global scale holds both ends. Reduce the range with outlier mitigation (SmoothQuant / per-channel / higher precision).
  return func(*args, **kwargs)
/home/r0b0tdgx/.venvs/modelopt-main/lib/python3.12/site-packages/torch/utils/_contextlib.py:124: UserWarning: [nvfp4_act_headroom] per-block amax range 21247.4 leaves no headroom at rho=16384; the scale falls back to the top of the calibrated range. Lower anchor_percentile or raise rho for more headroom.
  return func(*args, **kwargs)
/home/r0b0tdgx/.venvs/modelopt-main/lib/python3.12/site-packages/torch/utils/_contextlib.py:124: UserWarning: [nvfp4_act_headroom] per-block amax range 26386.3 leaves no headroom at rho=16384; the scale falls back to the top of the calibrated range. Lower anchor_percentile or raise rho for more headroom.
  return func(*args, **kwargs)
/home/r0b0tdgx/.venvs/modelopt-main/lib/python3.12/site-packages/torch/utils/_contextlib.py:124: UserWarning: [nvfp4_act_headroom] per-block amax range 45348.0 leaves no headroom at rho=16384; the scale falls back to the top of the calibrated range. The range also exceeds the FP8 scale range (28672), so no permitted rho can clear it and no single global scale holds both ends. Reduce the range with outlier mitigation (SmoothQuant / per-channel / higher precision).
  return func(*args, **kwargs)
/home/r0b0tdgx/.venvs/modelopt-main/lib/python3.12/site-packages/torch/utils/_contextlib.py:124: UserWarning: [nvfp4_act_headroom] per-block amax range 17109.4 leaves no headroom at rho=16384; the scale falls back to the top of the calibrated range. Lower anchor_percentile or raise rho for more headroom.
  return func(*args, **kwargs)
/home/r0b0tdgx/.venvs/modelopt-main/lib/python3.12/site-packages/torch/utils/_contextlib.py:124: UserWarning: [nvfp4_act_headroom] per-block amax range 29404.5 leaves no headroom at rho=16384; the scale falls back to the top of the calibrated range. The range also exceeds the FP8 scale range (28672), so no permitted rho can clear it and no single global scale holds both ends. Reduce the range with outlier mitigation (SmoothQuant / per-channel / higher precision).
  return func(*args, **kwargs)
/home/r0b0tdgx/.venvs/modelopt-main/lib/python3.12/site-packages/torch/utils/_contextlib.py:124: UserWarning: [nvfp4_act_headroom] per-block amax range 19066.5 leaves no headroom at rho=16384; the scale falls back to the top of the calibrated range. Lower anchor_percentile or raise rho for more headroom.
  return func(*args, **kwargs)
/home/r0b0tdgx/.venvs/modelopt-main/lib/python3.12/site-packages/torch/utils/_contextlib.py:124: UserWarning: [nvfp4_act_headroom] per-block amax range 36516.2 leaves no headroom at rho=16384; the scale falls back to the top of the calibrated range. The range also exceeds the FP8 scale range (28672), so no permitted rho can clear it and no single global scale holds both ends. Reduce the range with outlier mitigation (SmoothQuant / per-channel / higher precision).
  return func(*args, **kwargs)
19:07:29 layer  2 SWA MoE load=30.0s total=30.8s rms=0.033 hit=256/256 w13[u_hr=1.78e+03 u_max=16.4 peer_hr=3.06e+03] w2[u_hr=1.06 u_max=7.72 peer_hr=132] K=16.9 V=5.91
/home/r0b0tdgx/.venvs/modelopt-main/lib/python3.12/site-packages/torch/utils/_contextlib.py:124: UserWarning: [nvfp4_act_headroom] per-block amax range 120193.6 leaves no headroom at rho=16384; the scale falls back to the top of the calibrated range. The range also exceeds the FP8 scale range (28672), so no permitted rho can clear it and no single global scale holds both ends. Reduce the range with outlier mitigation (SmoothQuant / per-channel / higher precision).
  return func(*args, **kwargs)
/home/r0b0tdgx/.venvs/modelopt-main/lib/python3.12/site-packages/torch/utils/_contextlib.py:124: UserWarning: [nvfp4_act_headroom] per-block amax range 56315.7 leaves no headroom at rho=16384; the scale falls back to the top of the calibrated range. The range also exceeds the FP8 scale range (28672), so no permitted rho can clear it and no single global scale holds both ends. Reduce the range with outlier mitigation (SmoothQuant / per-channel / higher precision).
  return func(*args, **kwargs)
/home/r0b0tdgx/.venvs/modelopt-main/lib/python3.12/site-packages/torch/utils/_contextlib.py:124: UserWarning: [nvfp4_act_headroom] per-block amax range 230195.5 leaves no headroom at rho=16384; the scale falls back to the top of the calibrated range. The range also exceeds the FP8 scale range (28672), so no permitted rho can clear it and no single global scale holds both ends. Reduce the range with outlier mitigation (SmoothQuant / per-channel / higher precision).
  return func(*args, **kwargs)
/home/r0b0tdgx/.venvs/modelopt-main/lib/python3.12/site-packages/torch/utils/_contextlib.py:124: UserWarning: [nvfp4_act_headroom] per-block amax range 395618.4 leaves no headroom at rho=16384; the scale falls back to the top of the calibrated range. The range also exceeds the FP8 scale range (28672), so no permitted rho can clear it and no single global scale holds both ends. Reduce the range with outlier mitigation (SmoothQuant / per-channel / higher precision).
  return func(*args, **kwargs)
/home/r0b0tdgx/.venvs/modelopt-main/lib/python3.12/site-packages/torch/utils/_contextlib.py:124: UserWarning: [nvfp4_act_headroom] per-block amax range 23677.8 leaves no headroom at rho=16384; the scale falls back to the top of the calibrated range. Lower anchor_percentile or raise rho for more headroom.
  return func(*args, **kwargs)
/home/r0b0tdgx/.venvs/modelopt-main/lib/python3.12/site-packages/torch/utils/_contextlib.py:124: UserWarning: [nvfp4_act_headroom] per-block amax range 62757.5 leaves no headroom at rho=16384; the scale falls back to the top of the calibrated range. The range also exceeds the FP8 scale range (28672), so no permitted rho can clear it and no single global scale holds both ends. Reduce the range with outlier mitigation (SmoothQuant / per-channel / higher precision).
  return func(*args, **kwargs)
/home/r0b0tdgx/.venvs/modelopt-main/lib/python3.12/site-packages/torch/utils/_contextlib.py:124: UserWarning: [nvfp4_act_headroom] per-block amax range 256526.8 leaves no headroom at rho=16384; the scale falls back to the top of the calibrated range. The range also exceeds the FP8 scale range (28672), so no permitted rho can clear it and no single global scale holds both ends. Reduce the range with outlier mitigation (SmoothQuant / per-channel / higher precision).
  return func(*args, **kwargs)
/home/r0b0tdgx/.venvs/modelopt-main/lib/python3.12/site-packages/torch/utils/_contextlib.py:124: UserWarning: [nvfp4_act_headroom] per-block amax range 757691.0 leaves no headroom at rho=16384; the scale falls back to the top of the calibrated range. The range also exceeds the FP8 scale range (28672), so no permitted rho can clear it and no single global scale holds both ends. Reduce the range with outlier mitigation (SmoothQuant / per-channel / higher precision).
  return func(*args, **kwargs)
/home/r0b0tdgx/.venvs/modelopt-main/lib/python3.12/site-packages/torch/utils/_contextlib.py:124: UserWarning: [nvfp4_act_headroom] per-block amax range 318569.8 leaves no headroom at rho=16384; the scale falls back to the top of the calibrated range. The range also exceeds the FP8 scale range (28672), so no permitted rho can clear it and no single global scale holds both ends. Reduce the range with outlier mitigation (SmoothQuant / per-channel / higher precision).
  return func(*args, **kwargs)
/home/r0b0tdgx/.venvs/modelopt-main/lib/python3.12/site-packages/torch/utils/_contextlib.py:124: UserWarning: [nvfp4_act_headroom] per-block amax range 940944.4 leaves no headroom at rho=16384; the scale falls back to the top of the calibrated range. The range also exceeds the FP8 scale range (28672), so no permitted rho can clear it and no single global scale holds both ends. Reduce the range with outlier mitigation (SmoothQuant / per-channel / higher precision).
  return func(*args, **kwargs)
/home/r0b0tdgx/.venvs/modelopt-main/lib/python3.12/site-packages/torch/utils/_contextlib.py:124: UserWarning: [nvfp4_act_headroom] per-block amax range 206567.0 leaves no headroom at rho=16384; the scale falls back to the top of the calibrated range. The range also exceeds the FP8 scale range (28672), so no permitted rho can clear it and no single global scale holds both ends. Reduce the range with outlier mitigation (SmoothQuant / per-channel / higher precision).
  return func(*args, **kwargs)
/home/r0b0tdgx/.venvs/modelopt-main/lib/python3.12/site-packages/torch/utils/_contextlib.py:124: UserWarning: [nvfp4_act_headroom] per-block amax range 185363.8 leaves no headroom at rho=16384; the scale falls back to the top of the calibrated range. The range also exceeds the FP8 scale range (28672), so no permitted rho can clear it and no single global scale holds both ends. Reduce the range with outlier mitigation (SmoothQuant / per-channel / higher precision).
  return func(*args, **kwargs)
/home/r0b0tdgx/.venvs/modelopt-main/lib/python3.12/site-packages/torch/utils/_contextlib.py:124: UserWarning: [nvfp4_act_headroom] per-block amax range 86850.7 leaves no headroom at rho=16384; the scale falls back to the top of the calibrated range. The range also exceeds the FP8 scale range (28672), so no permitted rho can clear it and no single global scale holds both ends. Reduce the range with outlier mitigation (SmoothQuant / per-channel / higher precision).
  return func(*args, **kwargs)
/home/r0b0tdgx/.venvs/modelopt-main/lib/python3.12/site-packages/torch/utils/_contextlib.py:124: UserWarning: [nvfp4_act_headroom] per-block amax range 491301.8 leaves no headroom at rho=16384; the scale falls back to the top of the calibrated range. The range also exceeds the FP8 scale range (28672), so no permitted rho can clear it and no single global scale holds both ends. Reduce the range with outlier mitigation (SmoothQuant / per-channel / higher precision).
  return func(*args, **kwargs)
/home/r0b0tdgx/.venvs/modelopt-main/lib/python3.12/site-packages/torch/utils/_contextlib.py:124: UserWarning: [nvfp4_act_headroom] per-block amax range 149263.3 leaves no headroom at rho=16384; the scale falls back to the top of the calibrated range. The range also exceeds the FP8 scale range (28672), so no permitted rho can clear it and no single global scale holds both ends. Reduce the range with outlier mitigation (SmoothQuant / per-channel / higher precision).
  return func(*args, **kwargs)
/home/r0b0tdgx/.venvs/modelopt-main/lib/python3.12/site-packages/torch/utils/_contextlib.py:124: UserWarning: [nvfp4_act_headroom] per-block amax range 285870.1 leaves no headroom at rho=16384; the scale falls back to the top of the calibrated range. The range also exceeds the FP8 scale range (28672), so no permitted rho can clear it and no single global scale holds both ends. Reduce the range with outlier mitigation (SmoothQuant / per-channel / higher precision).
  return func(*args, **kwargs)
/home/r0b0tdgx/.venvs/modelopt-main/lib/python3.12/site-packages/torch/utils/_contextlib.py:124: UserWarning: [nvfp4_act_headroom] per-block amax range 547500.2 leaves no headroom at rho=16384; the scale falls back to the top of the calibrated range. The range also exceeds the FP8 scale range (28672), so no permitted rho can clear it and no single global scale holds both ends. Reduce the range with outlier mitigation (SmoothQuant / per-channel / higher precision).
  return func(*args, **kwargs)
/home/r0b0tdgx/.venvs/modelopt-main/lib/python3.12/site-packages/torch/utils/_contextlib.py:124: UserWarning: [nvfp4_act_headroom] per-block amax range 107856.2 leaves no headroom at rho=16384; the scale falls back to the top of the calibrated range. The range also exceeds the FP8 scale range (28672), so no permitted rho can clear it and no single global scale holds both ends. Reduce the range with outlier mitigation (SmoothQuant / per-channel / higher precision).
  return func(*args, **kwargs)
/home/r0b0tdgx/.venvs/modelopt-main/lib/python3.12/site-packages/torch/utils/_contextlib.py:124: UserWarning: [nvfp4_act_headroom] per-block amax range 77935.9 leaves no headroom at rho=16384; the scale falls back to the top of the calibrated range. The range also exceeds the FP8 scale range (28672), so no permitted rho can clear it and no single global scale holds both ends. Reduce the range with outlier mitigation (SmoothQuant / per-channel / higher precision).
  return func(*args, **kwargs)
/home/r0b0tdgx/.venvs/modelopt-main/lib/python3.12/site-packages/torch/utils/_contextlib.py:124: UserWarning: [nvfp4_act_headroom] per-block amax range 355010.0 leaves no headroom at rho=16384; the scale falls back to the top of the calibrated range. The range also exceeds the FP8 scale range (28672), so no permitted rho can clear it and no single global scale holds both ends. Reduce the range with outlier mitigation (SmoothQuant / per-channel / higher precision).
  return func(*args, **kwargs)
/home/r0b0tdgx/.venvs/modelopt-main/lib/python3.12/site-packages/torch/utils/_contextlib.py:124: UserWarning: [nvfp4_act_headroom] per-block amax range 69936.1 leaves no headroom at rho=16384; the scale falls back to the top of the calibrated range. The range also exceeds the FP8 scale range (28672), so no permitted rho can clear it and no single global scale holds both ends. Reduce the range with outlier mitigation (SmoothQuant / per-channel / higher precision).
  return func(*args, **kwargs)
/home/r0b0tdgx/.venvs/modelopt-main/lib/python3.12/site-packages/torch/utils/_contextlib.py:124: UserWarning: [nvfp4_act_headroom] per-block amax range 166337.0 leaves no headroom at rho=16384; the scale falls back to the top of the calibrated range. The range also exceeds the FP8 scale range (28672), so no permitted rho can clear it and no single global scale holds both ends. Reduce the range with outlier mitigation (SmoothQuant / per-channel / higher precision).
  return func(*args, **kwargs)
/home/r0b0tdgx/.venvs/modelopt-main/lib/python3.12/site-packages/torch/utils/_contextlib.py:124: UserWarning: [nvfp4_act_headroom] per-block amax range 844360.8 leaves no headroom at rho=16384; the scale falls back to the top of the calibrated range. The range also exceeds the FP8 scale range (28672), so no permitted rho can clear it and no single global scale holds both ends. Reduce the range with outlier mitigation (SmoothQuant / per-channel / higher precision).
  return func(*args, **kwargs)
/home/r0b0tdgx/.venvs/modelopt-main/lib/python3.12/site-packages/torch/utils/_contextlib.py:124: UserWarning: [nvfp4_act_headroom] per-block amax range 1048576.0 leaves no headroom at rho=16384; the scale falls back to the top of the calibrated range. The range also exceeds the FP8 scale range (28672), so no permitted rho can clear it and no single global scale holds both ends. Reduce the range with outlier mitigation (SmoothQuant / per-channel / higher precision).
  return func(*args, **kwargs)
/home/r0b0tdgx/.venvs/modelopt-main/lib/python3.12/site-packages/torch/utils/_contextlib.py:124: UserWarning: [nvfp4_act_headroom] per-block amax range 440871.9 leaves no headroom at rho=16384; the scale falls back to the top of the calibrated range. The range also exceeds the FP8 scale range (28672), so no permitted rho can clear it and no single global scale holds both ends. Reduce the range with outlier mitigation (SmoothQuant / per-channel / higher precision).
  return func(*args, **kwargs)
/home/r0b0tdgx/.venvs/modelopt-main/lib/python3.12/site-packages/torch/utils/_contextlib.py:124: UserWarning: [nvfp4_act_headroom] per-block amax range 679917.4 leaves no headroom at rho=16384; the scale falls back to the top of the calibrated range. The range also exceeds the FP8 scale range (28672), so no permitted rho can clear it and no single global scale holds both ends. Reduce the range with outlier mitigation (SmoothQuant / per-channel / higher precision).
  return func(*args, **kwargs)
/home/r0b0tdgx/.venvs/modelopt-main/lib/python3.12/site-packages/torch/utils/_contextlib.py:124: UserWarning: [nvfp4_act_headroom] per-block amax range 40693.2 leaves no headroom at rho=16384; the scale falls back to the top of the calibrated range. The range also exceeds the FP8 scale range (28672), so no permitted rho can clear it and no single global scale holds both ends. Reduce the range with outlier mitigation (SmoothQuant / per-channel / higher precision).
  return func(*args, **kwargs)
/home/r0b0tdgx/.venvs/modelopt-main/lib/python3.12/site-packages/torch/utils/_contextlib.py:124: UserWarning: [nvfp4_act_headroom] per-block amax range 96785.3 leaves no headroom at rho=16384; the scale falls back to the top of the calibrated range. The range also exceeds the FP8 scale range (28672), so no permitted rho can clear it and no single global scale holds both ends. Reduce the range with outlier mitigation (SmoothQuant / per-channel / higher precision).
  return func(*args, **kwargs)
/home/r0b0tdgx/.venvs/modelopt-main/lib/python3.12/site-packages/torch/utils/_contextlib.py:124: UserWarning: [nvfp4_act_headroom] per-block amax range 133942.1 leaves no headroom at rho=16384; the scale falls back to the top of the calibrated range. The range also exceeds the FP8 scale range (28672), so no permitted rho can clear it and no single global scale holds both ends. Reduce the range with outlier mitigation (SmoothQuant / per-channel / higher precision).
  return func(*args, **kwargs)
/home/r0b0tdgx/.venvs/modelopt-main/lib/python3.12/site-packages/torch/utils/_contextlib.py:124: UserWarning: [nvfp4_act_headroom] per-block amax range 610127.0 leaves no headroom at rho=16384; the scale falls back to the top of the calibrated range. The range also exceeds the FP8 scale range (28672), so no permitted rho can clear it and no single global scale holds both ends. Reduce the range with outlier mitigation (SmoothQuant / per-channel / higher precision).
  return func(*args, **kwargs)
19:08:01 layer  3 SWA MoE load=30.5s total=31.4s rms=0.037 hit=256/256 w13[u_hr=3.06e+03 u_max=69.5 peer_hr=3.8e+03] w2[u_hr=1.06 u_max=10 peer_hr=23.4] K=18.5 V=3.94
19:08:32 layer  4 SWA MoE load=29.4s total=30.3s rms=0.043 hit=256/256 w13[u_hr=2.21e+03 u_max=116 peer_hr=2.74e+03] w2[u_hr=870 u_max=1.04e+03 peer_hr=3.31e+04] K=17.5 V=5.53
19:09:04 layer  5 GA  MoE load=31.2s total=32.0s rms=0.044 hit=254/256 w13[u_hr=2.21e+03 u_max=137 peer_hr=2.74e+03] w2[u_hr=33.8 u_max=450 peer_hr=7.27e+03] K=8.19 V=0.16
19:09:36 layer  6 SWA MoE load=31.1s total=31.9s rms=0.045 hit=256/256 w13[u_hr=1.04e+03 u_max=193 peer_hr=1.29e+03] w2[u_hr=191 u_max=624 peer_hr=3.31e+04] K=14.8 V=4.88
19:10:09 layer  7 SWA MoE load=31.5s total=32.3s rms=0.048 hit=252/256 w13[u_hr=5.25e+03 u_max=81.5 peer_hr=6.53e+03] w2[u_hr=58.1 u_max=412 peer_hr=3.41e+03] K=16.6 V=6.72
